[2m8:54:23 PM[22m [31m[1m[vite][22m[39m [31mInternal server error: Failed to parse source for import analysis because the content contains invalid JS syntax. You may need to install appropriate plugins to handle the .mpeg file format, or if it's an asset, add "**/*.mpeg" to `assetsInclude` in your configuration.[39m
  Plugin: [35mvite:import-analysis[39m
  File: [36mC:/Users/kyrie/OneDrive/Documents/GitHub/ImpactingLives/src/music/Your Name.mpeg[39m
      at TransformPluginContext._formatLog (file:///C:/Users/kyrie/OneDrive/Documents/GitHub/ImpactingLives/node_modules/vite/dist/node/chunks/config.js:29647:43)
      at TransformPluginContext.error (file:///C:/Users/kyrie/OneDrive/Documents/GitHub/ImpactingLives/node_modules/vite/dist/node/chunks/config.js:29644:14)
      at TransformPluginContext.transform (file:///C:/Users/kyrie/OneDrive/Documents/GitHub/ImpactingLives/node_modules/vite/dist/node/chunks/config.js:27730:10)
      at async EnvironmentPluginContainer.transform (file:///C:/Users/kyrie/OneDrive/Documents/GitHub/ImpactingLives/node_modules/vite/dist/node/chunks/config.js:29445:14)
      at async loadAndTransform (file:///C:/Users/kyrie/OneDrive/Documents/GitHub/ImpactingLives/node_modules/vite/dist/node/chunks/config.js:23316:26)
[2m8:54:23 PM[22m [31m[1m[vite][22m[39m [31m[2m(client)[22m[39m Pre-transform error: Failed to parse source for import analysis because the content contains invalid JS syntax. You may need to install appropriate plugins to handle the .mpeg file format, or if it's an asset, add "**/*.mpeg" to `assetsInclude` in your configuration.
  Plugin: [35mvite:import-analysis[39m
  File: [36mC:/Users/kyrie/OneDrive/Documents/GitHub/ImpactingLives/src/music/Your Name.mpeg[39m
[2m8:54:24 PM[22m [31m[1m[vite][22m[39m [31mInternal server error: Failed to parse source for import analysis because the content contains invalid JS syntax. You may need to install appropriate plugins to handle the .mpeg file format, or if it's an asset, add "**/*.mpeg" to `assetsInclude` in your configuration.[39m
  Plugin: [35mvite:import-analysis[39m
  File: [36mC:/Users/kyrie/OneDrive/Documents/GitHub/ImpactingLives/src/music/Your Name.mpeg[39m
      at TransformPluginContext._formatLog (file:///C:/Users/kyrie/OneDrive/Documents/GitHub/ImpactingLives/node_modules/vite/dist/node/chunks/config.js:29647:43)
      at TransformPluginContext.error (file:///C:/Users/kyrie/OneDrive/Documents/GitHub/ImpactingLives/node_modules/vite/dist/node/chunks/config.js:29644:14)
      at TransformPluginContext.transform (file:///C:/Users/kyrie/OneDrive/Documents/GitHub/ImpactingLives/node_modules/vite/dist/node/chunks/config.js:27730:10)
      at async EnvironmentPluginContainer.transform (file:///C:/Users/kyrie/OneDrive/Documents/GitHub/ImpactingLives/node_modules/vite/dist/node/chunks/config.js:29445:14)
      at async loadAndTransform (file:///C:/Users/kyrie/OneDrive/Documents/GitHub/ImpactingLives/node_modules/vite/dist/node/chunks/config.js:23316:26)
[2m8:54:24 PM[22m [31m[1m[vite][22m[39m [31mInternal server error: Failed to parse source for import analysis because the content contains invalid JS syntax. You may need to install appropriate plugins to handle the .mpeg file format, or if it's an asset, add "**/*.mpeg" to `assetsInclude` in your configuration.[39m
  Plugin: [35mvite:import-analysis[39m
  File: [36mC:/Users/kyrie/OneDrive/Documents/GitHub/ImpactingLives/src/music/Your Name.mpeg[39m
      at TransformPluginContext._formatLog (file:///C:/Users/kyrie/OneDrive/Documents/GitHub/ImpactingLives/node_modules/vite/dist/node/chunks/config.js:29647:43)
      at TransformPluginContext.error (file:///C:/Users/kyrie/OneDrive/Documents/GitHub/ImpactingLives/node_modules/vite/dist/node/chunks/config.js:29644:14)
      at TransformPluginContext.transform (file:///C:/Users/kyrie/OneDrive/Documents/GitHub/ImpactingLives/node_modules/vite/dist/node/chunks/config.js:27730:10)
      at async EnvironmentPluginContainer.transform (file:///C:/Users/kyrie/OneDrive/Documents/GitHub/ImpactingLives/node_modules/vite/dist/node/chunks/config.js:29445:14)
      at async loadAndTransform (file:///C:/Users/kyrie/OneDrive/Documents/GitHub/ImpactingLives/node_modules/vite/dist/node/chunks/config.js:23316:26)
[2m8:54:25 PM[22m [31m[1m[vite][22m[39m [31mInternal server error: Failed to parse source for import analysis because the content contains invalid JS syntax. You may need to install appropriate plugins to handle the .mpeg file format, or if it's an asset, add "**/*.mpeg" to `assetsInclude` in your configuration.[39m
  Plugin: [35mvite:import-analysis[39m
  File: [36mC:/Users/kyrie/OneDrive/Documents/GitHub/ImpactingLives/src/music/Your Name.mpeg[39m
      at TransformPluginContext._formatLog (file:///C:/Users/kyrie/OneDrive/Documents/GitHub/ImpactingLives/node_modules/vite/dist/node/chunks/config.js:29647:43)
      at TransformPluginContext.error (file:///C:/Users/kyrie/OneDrive/Documents/GitHub/ImpactingLives/node_modules/vite/dist/node/chunks/config.js:29644:14)
      at TransformPluginContext.transform (file:///C:/Users/kyrie/OneDrive/Documents/GitHub/ImpactingLives/node_modules/vite/dist/node/chunks/config.js:27730:10)
      at async EnvironmentPluginContainer.transform (file:///C:/Users/kyrie/OneDrive/Documents/GitHub/ImpactingLives/node_modules/vite/dist/node/chunks/config.js:29445:14)
      at async loadAndTransform (file:///C:/Users/kyrie/OneDrive/Documents/GitHub/ImpactingLives/node_modules/vite/dist/node/chunks/config.js:23316:26)
      at async viteTransformMiddleware (file:///C:/Users/kyrie/OneDrive/Documents/GitHub/ImpactingLives/node_modules/vite/dist/node/chunks/config.js:25188:20)
